============================= test session starts ==============================
platform linux -- Python 3.10.12, pytest-9.1.1, pluggy-1.6.0 -- /workspace/.ros2/research-venv/bin/python
cachedir: .pytest_cache
rootdir: /workspace
plugins: hydra-core-1.3.2, dash-4.0.0, cov-3.0.0, colcon-core-0.20.0
collecting ... collected 17 items

.ros2/persistent-cbs148-20260928/source/FAST-LIVO2-ROS2/research/tests/test_persistent_cbs.py::test_persistent_parameter_contract PASSED [  5%]
.ros2/persistent-cbs148-20260928/source/FAST-LIVO2-ROS2/research/tests/test_persistent_cbs.py::test_growing_native_session[False] PASSED [ 11%]
.ros2/persistent-cbs148-20260928/source/FAST-LIVO2-ROS2/research/tests/test_persistent_cbs.py::test_growing_native_session[True] PASSED [ 17%]
.ros2/persistent-cbs148-20260928/source/FAST-LIVO2-ROS2/research/tests/test_persistent_cbs.py::test_pcm_revocation_stops_instead_of_retaining_stale_evidence PASSED [ 23%]
.ros2/persistent-cbs148-20260928/source/FAST-LIVO2-ROS2/research/tests/test_persistent_cbs.py::test_online_capture_adapter_keeps_one_session PASSED [ 29%]
.ros2/persistent-cbs148-20260928/source/FAST-LIVO2-ROS2/research/tests/test_cbs_integration.py::test_native_unknown_frames_and_components[False-False] SKIPPED [ 35%]
.ros2/persistent-cbs148-20260928/source/FAST-LIVO2-ROS2/research/tests/test_cbs_integration.py::test_native_unknown_frames_and_components[False-True] SKIPPED [ 41%]
.ros2/persistent-cbs148-20260928/source/FAST-LIVO2-ROS2/research/tests/test_cbs_integration.py::test_native_unknown_frames_and_components[False-alpha] SKIPPED [ 47%]
.ros2/persistent-cbs148-20260928/source/FAST-LIVO2-ROS2/research/tests/test_cbs_integration.py::test_native_unknown_frames_and_components[True-False] SKIPPED [ 52%]
.ros2/persistent-cbs148-20260928/source/FAST-LIVO2-ROS2/research/tests/test_cbs_integration.py::test_native_unknown_frames_and_components[True-True] SKIPPED [ 58%]
.ros2/persistent-cbs148-20260928/source/FAST-LIVO2-ROS2/research/tests/test_cbs_integration.py::test_native_unknown_frames_and_components[True-alpha] SKIPPED [ 64%]
.ros2/persistent-cbs148-20260928/source/FAST-LIVO2-ROS2/research/tests/test_cbs_integration.py::test_native_distributed_registration SKIPPED [ 70%]
.ros2/persistent-cbs148-20260928/source/FAST-LIVO2-ROS2/research/tests/test_cbs_integration.py::test_native_four_robot_pcm_registration SKIPPED [ 76%]
.ros2/persistent-cbs148-20260928/source/FAST-LIVO2-ROS2/research/tests/test_cbs_integration.py::test_native_distributed_ellipsoid_registration[order0] SKIPPED [ 82%]
.ros2/persistent-cbs148-20260928/source/FAST-LIVO2-ROS2/research/tests/test_cbs_integration.py::test_native_distributed_ellipsoid_registration[order1] SKIPPED [ 88%]
.ros2/persistent-cbs148-20260928/source/FAST-LIVO2-ROS2/research/tests/test_cbs_integration.py::test_native_distributed_gpu_registration[order0] PASSED [ 94%]
.ros2/persistent-cbs148-20260928/source/FAST-LIVO2-ROS2/research/tests/test_cbs_integration.py::test_native_distributed_gpu_registration[order1] PASSED [100%]

=================== 7 passed, 10 skipped in 67.34s (0:01:07) ===================
